  Determining projects to restore...
  All projects are up-to-date for restore.
C:\Program Files\dotnet\sdk\10.0.103\Sdks\Microsoft.NET.Sdk.StaticWebAssets\targets\Microsoft.NET.Sdk.StaticWebAssets.targets(684,5): error MSB4018: The "DefineStaticWebAssets" task failed unexpectedly. [C:\Users\acer laptop\source\repos\EJCFitnessGym\EJCFitnessGym.csproj]
C:\Program Files\dotnet\sdk\10.0.103\Sdks\Microsoft.NET.Sdk.StaticWebAssets\targets\Microsoft.NET.Sdk.StaticWebAssets.targets(684,5): error MSB4018: System.Text.Json.JsonException: The input does not contain any JSON tokens. Expected the input to start with a valid JSON token, when isFinalBlock is true. Path: $ | LineNumber: 0 | BytePositionInLine: 0. [C:\Users\acer laptop\source\repos\EJCFitnessGym\EJCFitnessGym.csproj]
C:\Program Files\dotnet\sdk\10.0.103\Sdks\Microsoft.NET.Sdk.StaticWebAssets\targets\Microsoft.NET.Sdk.StaticWebAssets.targets(684,5): error MSB4018:  ---> System.Text.Json.JsonReaderException: The input does not contain any JSON tokens. Expected the input to start with a valid JSON token, when isFinalBlock is true. LineNumber: 0 | BytePositionInLine: 0. [C:\Users\acer laptop\source\repos\EJCFitnessGym\EJCFitnessGym.csproj]
C:\Program Files\dotnet\sdk\10.0.103\Sdks\Microsoft.NET.Sdk.StaticWebAssets\targets\Microsoft.NET.Sdk.StaticWebAssets.targets(684,5): error MSB4018:    at System.Text.Json.ThrowHelper.ThrowJsonReaderException(Utf8JsonReader& json, ExceptionResource resource, Byte nextByte, ReadOnlySpan`1 bytes) [C:\Users\acer laptop\source\repos\EJCFitnessGym\EJCFitnessGym.csproj]
C:\Program Files\dotnet\sdk\10.0.103\Sdks\Microsoft.NET.Sdk.StaticWebAssets\targets\Microsoft.NET.Sdk.StaticWebAssets.targets(684,5): error MSB4018:    at System.Text.Json.Utf8JsonReader.Read() [C:\Users\acer laptop\source\repos\EJCFitnessGym\EJCFitnessGym.csproj]
C:\Program Files\dotnet\sdk\10.0.103\Sdks\Microsoft.NET.Sdk.StaticWebAssets\targets\Microsoft.NET.Sdk.StaticWebAssets.targets(684,5): error MSB4018:    at System.Text.Json.Serialization.JsonConverter`1.ReadCore(Utf8JsonReader& reader, T& value, JsonSerializerOptions options, ReadStack& state) [C:\Users\acer laptop\source\repos\EJCFitnessGym\EJCFitnessGym.csproj]
C:\Program Files\dotnet\sdk\10.0.103\Sdks\Microsoft.NET.Sdk.StaticWebAssets\targets\Microsoft.NET.Sdk.StaticWebAssets.targets(684,5): error MSB4018:    --- End of inner exception stack trace --- [C:\Users\acer laptop\source\repos\EJCFitnessGym\EJCFitnessGym.csproj]
C:\Program Files\dotnet\sdk\10.0.103\Sdks\Microsoft.NET.Sdk.StaticWebAssets\targets\Microsoft.NET.Sdk.StaticWebAssets.targets(684,5): error MSB4018:    at System.Text.Json.ThrowHelper.ReThrowWithPath(ReadStack& state, JsonReaderException ex) [C:\Users\acer laptop\source\repos\EJCFitnessGym\EJCFitnessGym.csproj]
C:\Program Files\dotnet\sdk\10.0.103\Sdks\Microsoft.NET.Sdk.StaticWebAssets\targets\Microsoft.NET.Sdk.StaticWebAssets.targets(684,5): error MSB4018:    at System.Text.Json.Serialization.JsonConverter`1.ReadCore(Utf8JsonReader& reader, T& value, JsonSerializerOptions options, ReadStack& state) [C:\Users\acer laptop\source\repos\EJCFitnessGym\EJCFitnessGym.csproj]
C:\Program Files\dotnet\sdk\10.0.103\Sdks\Microsoft.NET.Sdk.StaticWebAssets\targets\Microsoft.NET.Sdk.StaticWebAssets.targets(684,5): error MSB4018:    at System.Text.Json.Serialization.Metadata.JsonTypeInfo`1.ContinueDeserialize[TReadBufferState,TStream](TReadBufferState& bufferState, JsonReaderState& jsonReaderState, ReadStack& readStack, T& value) [C:\Users\acer laptop\source\repos\EJCFitnessGym\EJCFitnessGym.csproj]
C:\Program Files\dotnet\sdk\10.0.103\Sdks\Microsoft.NET.Sdk.StaticWebAssets\targets\Microsoft.NET.Sdk.StaticWebAssets.targets(684,5): error MSB4018:    at System.Text.Json.Serialization.Metadata.JsonTypeInfo`1.Deserialize(Stream utf8Json) [C:\Users\acer laptop\source\repos\EJCFitnessGym\EJCFitnessGym.csproj]
C:\Program Files\dotnet\sdk\10.0.103\Sdks\Microsoft.NET.Sdk.StaticWebAssets\targets\Microsoft.NET.Sdk.StaticWebAssets.targets(684,5): error MSB4018:    at Microsoft.AspNetCore.StaticWebAssets.Tasks.DefineStaticWebAssets.DefineStaticWebAssetsCache.ReadOrCreateCache(TaskLoggingHelper log, String manifestPath) [C:\Users\acer laptop\source\repos\EJCFitnessGym\EJCFitnessGym.csproj]
C:\Program Files\dotnet\sdk\10.0.103\Sdks\Microsoft.NET.Sdk.StaticWebAssets\targets\Microsoft.NET.Sdk.StaticWebAssets.targets(684,5): error MSB4018:    at Microsoft.AspNetCore.StaticWebAssets.Tasks.DefineStaticWebAssets.GetOrCreateAssetsCache() [C:\Users\acer laptop\source\repos\EJCFitnessGym\EJCFitnessGym.csproj]
C:\Program Files\dotnet\sdk\10.0.103\Sdks\Microsoft.NET.Sdk.StaticWebAssets\targets\Microsoft.NET.Sdk.StaticWebAssets.targets(684,5): error MSB4018:    at Microsoft.AspNetCore.StaticWebAssets.Tasks.DefineStaticWebAssets.Execute() [C:\Users\acer laptop\source\repos\EJCFitnessGym\EJCFitnessGym.csproj]
C:\Program Files\dotnet\sdk\10.0.103\Sdks\Microsoft.NET.Sdk.StaticWebAssets\targets\Microsoft.NET.Sdk.StaticWebAssets.targets(684,5): error MSB4018:    at Microsoft.Build.BackEnd.TaskExecutionHost.Execute() [C:\Users\acer laptop\source\repos\EJCFitnessGym\EJCFitnessGym.csproj]
C:\Program Files\dotnet\sdk\10.0.103\Sdks\Microsoft.NET.Sdk.StaticWebAssets\targets\Microsoft.NET.Sdk.StaticWebAssets.targets(684,5): error MSB4018:    at Microsoft.Build.BackEnd.TaskBuilder.ExecuteInstantiatedTask(TaskExecutionHost taskExecutionHost, TaskLoggingContext taskLoggingContext, TaskHost taskHost, ItemBucket bucket, TaskExecutionMode howToExecuteTask) [C:\Users\acer laptop\source\repos\EJCFitnessGym\EJCFitnessGym.csproj]

Build FAILED.

C:\Program Files\dotnet\sdk\10.0.103\Sdks\Microsoft.NET.Sdk.StaticWebAssets\targets\Microsoft.NET.Sdk.StaticWebAssets.targets(684,5): error MSB4018: The "DefineStaticWebAssets" task failed unexpectedly. [C:\Users\acer laptop\source\repos\EJCFitnessGym\EJCFitnessGym.csproj]
C:\Program Files\dotnet\sdk\10.0.103\Sdks\Microsoft.NET.Sdk.StaticWebAssets\targets\Microsoft.NET.Sdk.StaticWebAssets.targets(684,5): error MSB4018: System.Text.Json.JsonException: The input does not contain any JSON tokens. Expected the input to start with a valid JSON token, when isFinalBlock is true. Path: $ | LineNumber: 0 | BytePositionInLine: 0. [C:\Users\acer laptop\source\repos\EJCFitnessGym\EJCFitnessGym.csproj]
C:\Program Files\dotnet\sdk\10.0.103\Sdks\Microsoft.NET.Sdk.StaticWebAssets\targets\Microsoft.NET.Sdk.StaticWebAssets.targets(684,5): error MSB4018:  ---> System.Text.Json.JsonReaderException: The input does not contain any JSON tokens. Expected the input to start with a valid JSON token, when isFinalBlock is true. LineNumber: 0 | BytePositionInLine: 0. [C:\Users\acer laptop\source\repos\EJCFitnessGym\EJCFitnessGym.csproj]
C:\Program Files\dotnet\sdk\10.0.103\Sdks\Microsoft.NET.Sdk.StaticWebAssets\targets\Microsoft.NET.Sdk.StaticWebAssets.targets(684,5): error MSB4018:    at System.Text.Json.ThrowHelper.ThrowJsonReaderException(Utf8JsonReader& json, ExceptionResource resource, Byte nextByte, ReadOnlySpan`1 bytes) [C:\Users\acer laptop\source\repos\EJCFitnessGym\EJCFitnessGym.csproj]
C:\Program Files\dotnet\sdk\10.0.103\Sdks\Microsoft.NET.Sdk.StaticWebAssets\targets\Microsoft.NET.Sdk.StaticWebAssets.targets(684,5): error MSB4018:    at System.Text.Json.Utf8JsonReader.Read() [C:\Users\acer laptop\source\repos\EJCFitnessGym\EJCFitnessGym.csproj]
C:\Program Files\dotnet\sdk\10.0.103\Sdks\Microsoft.NET.Sdk.StaticWebAssets\targets\Microsoft.NET.Sdk.StaticWebAssets.targets(684,5): error MSB4018:    at System.Text.Json.Serialization.JsonConverter`1.ReadCore(Utf8JsonReader& reader, T& value, JsonSerializerOptions options, ReadStack& state) [C:\Users\acer laptop\source\repos\EJCFitnessGym\EJCFitnessGym.csproj]
C:\Program Files\dotnet\sdk\10.0.103\Sdks\Microsoft.NET.Sdk.StaticWebAssets\targets\Microsoft.NET.Sdk.StaticWebAssets.targets(684,5): error MSB4018:    --- End of inner exception stack trace --- [C:\Users\acer laptop\source\repos\EJCFitnessGym\EJCFitnessGym.csproj]
C:\Program Files\dotnet\sdk\10.0.103\Sdks\Microsoft.NET.Sdk.StaticWebAssets\targets\Microsoft.NET.Sdk.StaticWebAssets.targets(684,5): error MSB4018:    at System.Text.Json.ThrowHelper.ReThrowWithPath(ReadStack& state, JsonReaderException ex) [C:\Users\acer laptop\source\repos\EJCFitnessGym\EJCFitnessGym.csproj]
C:\Program Files\dotnet\sdk\10.0.103\Sdks\Microsoft.NET.Sdk.StaticWebAssets\targets\Microsoft.NET.Sdk.StaticWebAssets.targets(684,5): error MSB4018:    at System.Text.Json.Serialization.JsonConverter`1.ReadCore(Utf8JsonReader& reader, T& value, JsonSerializerOptions options, ReadStack& state) [C:\Users\acer laptop\source\repos\EJCFitnessGym\EJCFitnessGym.csproj]
C:\Program Files\dotnet\sdk\10.0.103\Sdks\Microsoft.NET.Sdk.StaticWebAssets\targets\Microsoft.NET.Sdk.StaticWebAssets.targets(684,5): error MSB4018:    at System.Text.Json.Serialization.Metadata.JsonTypeInfo`1.ContinueDeserialize[TReadBufferState,TStream](TReadBufferState& bufferState, JsonReaderState& jsonReaderState, ReadStack& readStack, T& value) [C:\Users\acer laptop\source\repos\EJCFitnessGym\EJCFitnessGym.csproj]
C:\Program Files\dotnet\sdk\10.0.103\Sdks\Microsoft.NET.Sdk.StaticWebAssets\targets\Microsoft.NET.Sdk.StaticWebAssets.targets(684,5): error MSB4018:    at System.Text.Json.Serialization.Metadata.JsonTypeInfo`1.Deserialize(Stream utf8Json) [C:\Users\acer laptop\source\repos\EJCFitnessGym\EJCFitnessGym.csproj]
C:\Program Files\dotnet\sdk\10.0.103\Sdks\Microsoft.NET.Sdk.StaticWebAssets\targets\Microsoft.NET.Sdk.StaticWebAssets.targets(684,5): error MSB4018:    at Microsoft.AspNetCore.StaticWebAssets.Tasks.DefineStaticWebAssets.DefineStaticWebAssetsCache.ReadOrCreateCache(TaskLoggingHelper log, String manifestPath) [C:\Users\acer laptop\source\repos\EJCFitnessGym\EJCFitnessGym.csproj]
C:\Program Files\dotnet\sdk\10.0.103\Sdks\Microsoft.NET.Sdk.StaticWebAssets\targets\Microsoft.NET.Sdk.StaticWebAssets.targets(684,5): error MSB4018:    at Microsoft.AspNetCore.StaticWebAssets.Tasks.DefineStaticWebAssets.GetOrCreateAssetsCache() [C:\Users\acer laptop\source\repos\EJCFitnessGym\EJCFitnessGym.csproj]
C:\Program Files\dotnet\sdk\10.0.103\Sdks\Microsoft.NET.Sdk.StaticWebAssets\targets\Microsoft.NET.Sdk.StaticWebAssets.targets(684,5): error MSB4018:    at Microsoft.AspNetCore.StaticWebAssets.Tasks.DefineStaticWebAssets.Execute() [C:\Users\acer laptop\source\repos\EJCFitnessGym\EJCFitnessGym.csproj]
C:\Program Files\dotnet\sdk\10.0.103\Sdks\Microsoft.NET.Sdk.StaticWebAssets\targets\Microsoft.NET.Sdk.StaticWebAssets.targets(684,5): error MSB4018:    at Microsoft.Build.BackEnd.TaskExecutionHost.Execute() [C:\Users\acer laptop\source\repos\EJCFitnessGym\EJCFitnessGym.csproj]
C:\Program Files\dotnet\sdk\10.0.103\Sdks\Microsoft.NET.Sdk.StaticWebAssets\targets\Microsoft.NET.Sdk.StaticWebAssets.targets(684,5): error MSB4018:    at Microsoft.Build.BackEnd.TaskBuilder.ExecuteInstantiatedTask(TaskExecutionHost taskExecutionHost, TaskLoggingContext taskLoggingContext, TaskHost taskHost, ItemBucket bucket, TaskExecutionMode howToExecuteTask) [C:\Users\acer laptop\source\repos\EJCFitnessGym\EJCFitnessGym.csproj]
    0 Warning(s)
    1 Error(s)

Time Elapsed 00:00:20.02
